[root@fedora ~]# mc

[root@fedora 03lesson-lvm]# vagrant up
Bringing machine 'lvm' up with 'virtualbox' provider...
==> lvm: Checking if box 'centos/7' version '1804.02' is up to date...
==> lvm: There was a problem while downloading the metadata for your box
==> lvm: to check for updates. This is not an error, since it is usually due
==> lvm: to temporary network problems. This is just a warning. The problem
==> lvm: encountered was:
==> lvm: 
==> lvm: The requested URL returned error: 404
==> lvm: 
==> lvm: If you want to check for box updates, verify your network connection
==> lvm: is valid and try again.
==> lvm: Clearing any previously set forwarded ports...
==> lvm: Clearing any previously set network interfaces...
==> lvm: Preparing network interfaces based on configuration...
    lvm: Adapter 1: nat
    lvm: Adapter 2: hostonly
==> lvm: Forwarding ports...
    lvm: 22 (guest) => 2222 (host) (adapter 1)
==> lvm: Running 'pre-boot' VM customizations...
==> lvm: Booting VM...
==> lvm: Waiting for machine to boot. This may take a few minutes...
    lvm: SSH address: 127.0.0.1:2222
    lvm: SSH username: vagrant
    lvm: SSH auth method: private key
==> lvm: Machine booted and ready!
==> lvm: Checking for guest additions in VM...
    lvm: No guest additions were detected on the base box for this VM! Guest
    lvm: additions are required for forwarded ports, shared folders, host only
    lvm: networking, and more. If SSH fails on this machine, please install
    lvm: the guest additions and repackage the box to continue.
    lvm: 
    lvm: This is not an error message; everything may continue to work properly,
    lvm: in which case you may ignore this message.
==> lvm: Setting hostname...
==> lvm: Configuring and enabling network interfaces...
==> lvm: Rsyncing folder: /root/03lesson-lvm/ => /vagrant
==> lvm: Machine already provisioned. Run `vagrant provision` or use the `--provision`
==> lvm: flag to force provisioning. Provisioners marked to run always will still run.
[root@fedora 03lesson-lvm]# vagrant ssh
[vagrant@lvm ~]$ mc
-bash: mc: command not found
[vagrant@lvm ~]$ lsblk 
NAME                    MAJ:MIN RM  SIZE RO TYPE MOUNTPOINT
sda                       8:0    0   40G  0 disk 
+-sda1                    8:1    0    1M  0 part 
+-sda2                    8:2    0    1G  0 part /boot
L-sda3                    8:3    0   39G  0 part 
  +-VolGroup00-LogVol00 253:0    0 37.5G  0 lvm  /
  L-VolGroup00-LogVol01 253:1    0  1.5G  0 lvm  [SWAP]
sdb                       8:16   0   10G  0 disk 
sdc                       8:32   0    2G  0 disk 
sdd                       8:48   0    1G  0 disk 
sde                       8:64   0    1G  0 disk 
[vagrant@lvm ~]$ lvmdiskscan 
  WARNING: Running as a non-root user. Functionality may be unavailable.
  /run/lvm/lvmetad.socket: access failed: Permission denied
  WARNING: Failed to connect to lvmetad. Falling back to device scanning.
  /dev/mapper/control: open failed: Permission denied
  Failure to communicate with kernel device-mapper driver.
  Incompatible libdevmapper 1.02.146-RHEL7 (2018-01-22) and kernel driver (unknown version).
  0 disks
  0 partitions
  0 LVM physical volume whole disks
  0 LVM physical volumes
[vagrant@lvm ~]$ root
-bash: root: command not found
[vagrant@lvm ~]$ su
Password: 
[root@lvm vagrant]# lvmdiskscan 
  /dev/VolGroup00/LogVol00 [     <37.47 GiB] 
  /dev/VolGroup00/LogVol01 [       1.50 GiB] 
  /dev/sda2                [       1.00 GiB] 
  /dev/sda3                [     <39.00 GiB] LVM physical volume
  /dev/sdb                 [      10.00 GiB] 
  /dev/sdc                 [       2.00 GiB] 
  /dev/sdd                 [       1.00 GiB] 
  /dev/sde                 [       1.00 GiB] 
  4 disks
  3 partitions
  0 LVM physical volume whole disks
  1 LVM physical volume
[root@lvm vagrant]# pvcreate /dev/sdb
  Physical volume "/dev/sdb" successfully created.
[root@lvm vagrant]# vgcreate vg_root /dev/sdb
  Volume group "vg_root" successfully created
[root@lvm vagrant]# lvcreate -n lv_root -l +100%FREE /dev/vg_root
  Logical volume "lv_root" created.
[root@lvm vagrant]# mkfs.xfs /dev/vg
vga_arbiter  vg_root/     
[root@lvm vagrant]# mkfs.xfs /dev/vg_root/lv_root 
meta-data=/dev/vg_root/lv_root   isize=512    agcount=4, agsize=655104 blks
         =                       sectsz=512   attr=2, projid32bit=1
         =                       crc=1        finobt=0, sparse=0
data     =                       bsize=4096   blocks=2620416, imaxpct=25
         =                       sunit=0      swidth=0 blks
naming   =version 2              bsize=4096   ascii-ci=0 ftype=1
log      =internal log           bsize=4096   blocks=2560, version=2
         =                       sectsz=512   sunit=0 blks, lazy-count=1
realtime =none                   extsz=4096   blocks=0, rtextents=0
[root@lvm vagrant]# mount /dev/vg_root/lv_root /mnt
[root@lvm vagrant]# yum install -y mc
Loaded plugins: fastestmirror
Loading mirror speeds from cached hostfile
 * base: ftp.nsc.ru
 * extras: ftp.nsc.ru
 * updates: ftp.nsc.ru
base                                                                                                                                                                                                                   | 3.6 kB  00:00:00     
extras                                                                                                                                                                                                                 | 2.9 kB  00:00:00     
updates                                                                                                                                                                                                                | 2.9 kB  00:00:00     
updates/7/x86_64/primary_db                                                                                                                                                                                            |  16 MB  00:00:02     
Resolving Dependencies
--> Running transaction check
---> Package mc.x86_64 1:4.8.7-11.el7 will be installed
--> Processing Dependency: perl(strict) for package: 1:mc-4.8.7-11.el7.x86_64
--> Processing Dependency: perl(bytes) for package: 1:mc-4.8.7-11.el7.x86_64
--> Processing Dependency: perl(POSIX) for package: 1:mc-4.8.7-11.el7.x86_64
--> Processing Dependency: perl(File::Temp) for package: 1:mc-4.8.7-11.el7.x86_64
--> Processing Dependency: perl(File::Basename) for package: 1:mc-4.8.7-11.el7.x86_64
--> Processing Dependency: /usr/bin/perl for package: 1:mc-4.8.7-11.el7.x86_64
--> Processing Dependency: libgpm.so.2()(64bit) for package: 1:mc-4.8.7-11.el7.x86_64
--> Running transaction check
---> Package gpm-libs.x86_64 0:1.20.7-6.el7 will be installed
---> Package perl.x86_64 4:5.16.3-299.el7_9 will be installed
--> Processing Dependency: perl-libs = 4:5.16.3-299.el7_9 for package: 4:perl-5.16.3-299.el7_9.x86_64
--> Processing Dependency: perl(Socket) >= 1.3 for package: 4:perl-5.16.3-299.el7_9.x86_64
--> Processing Dependency: perl(Scalar::Util) >= 1.10 for package: 4:perl-5.16.3-299.el7_9.x86_64
--> Processing Dependency: perl-macros for package: 4:perl-5.16.3-299.el7_9.x86_64
--> Processing Dependency: perl-libs for package: 4:perl-5.16.3-299.el7_9.x86_64
--> Processing Dependency: perl(threads::shared) for package: 4:perl-5.16.3-299.el7_9.x86_64
--> Processing Dependency: perl(threads) for package: 4:perl-5.16.3-299.el7_9.x86_64
--> Processing Dependency: perl(constant) for package: 4:perl-5.16.3-299.el7_9.x86_64
--> Processing Dependency: perl(Time::Local) for package: 4:perl-5.16.3-299.el7_9.x86_64
--> Processing Dependency: perl(Time::HiRes) for package: 4:perl-5.16.3-299.el7_9.x86_64
--> Processing Dependency: perl(Storable) for package: 4:perl-5.16.3-299.el7_9.x86_64
--> Processing Dependency: perl(Socket) for package: 4:perl-5.16.3-299.el7_9.x86_64
--> Processing Dependency: perl(Scalar::Util) for package: 4:perl-5.16.3-299.el7_9.x86_64
--> Processing Dependency: perl(Pod::Simple::XHTML) for package: 4:perl-5.16.3-299.el7_9.x86_64
--> Processing Dependency: perl(Pod::Simple::Search) for package: 4:perl-5.16.3-299.el7_9.x86_64
--> Processing Dependency: perl(Getopt::Long) for package: 4:perl-5.16.3-299.el7_9.x86_64
--> Processing Dependency: perl(Filter::Util::Call) for package: 4:perl-5.16.3-299.el7_9.x86_64
--> Processing Dependency: perl(File::Spec::Unix) for package: 4:perl-5.16.3-299.el7_9.x86_64
--> Processing Dependency: perl(File::Spec::Functions) for package: 4:perl-5.16.3-299.el7_9.x86_64
--> Processing Dependency: perl(File::Spec) for package: 4:perl-5.16.3-299.el7_9.x86_64
--> Processing Dependency: perl(File::Path) for package: 4:perl-5.16.3-299.el7_9.x86_64
--> Processing Dependency: perl(Exporter) for package: 4:perl-5.16.3-299.el7_9.x86_64
--> Processing Dependency: perl(Cwd) for package: 4:perl-5.16.3-299.el7_9.x86_64
--> Processing Dependency: perl(Carp) for package: 4:perl-5.16.3-299.el7_9.x86_64
--> Processing Dependency: libperl.so()(64bit) for package: 4:perl-5.16.3-299.el7_9.x86_64
---> Package perl-File-Temp.noarch 0:0.23.01-3.el7 will be installed
--> Running transaction check
---> Package perl-Carp.noarch 0:1.26-244.el7 will be installed
---> Package perl-Exporter.noarch 0:5.68-3.el7 will be installed
---> Package perl-File-Path.noarch 0:2.09-2.el7 will be installed
---> Package perl-Filter.x86_64 0:1.49-3.el7 will be installed
---> Package perl-Getopt-Long.noarch 0:2.40-3.el7 will be installed
--> Processing Dependency: perl(Pod::Usage) >= 1.14 for package: perl-Getopt-Long-2.40-3.el7.noarch
--> Processing Dependency: perl(Text::ParseWords) for package: perl-Getopt-Long-2.40-3.el7.noarch
---> Package perl-PathTools.x86_64 0:3.40-5.el7 will be installed
---> Package perl-Pod-Simple.noarch 1:3.28-4.el7 will be installed
--> Processing Dependency: perl(Pod::Escapes) >= 1.04 for package: 1:perl-Pod-Simple-3.28-4.el7.noarch
--> Processing Dependency: perl(Encode) for package: 1:perl-Pod-Simple-3.28-4.el7.noarch
---> Package perl-Scalar-List-Utils.x86_64 0:1.27-248.el7 will be installed
---> Package perl-Socket.x86_64 0:2.010-5.el7 will be installed
---> Package perl-Storable.x86_64 0:2.45-3.el7 will be installed
---> Package perl-Time-HiRes.x86_64 4:1.9725-3.el7 will be installed
---> Package perl-Time-Local.noarch 0:1.2300-2.el7 will be installed
---> Package perl-constant.noarch 0:1.27-2.el7 will be installed
---> Package perl-libs.x86_64 4:5.16.3-299.el7_9 will be installed
---> Package perl-macros.x86_64 4:5.16.3-299.el7_9 will be installed
---> Package perl-threads.x86_64 0:1.87-4.el7 will be installed
---> Package perl-threads-shared.x86_64 0:1.43-6.el7 will be installed
--> Running transaction check
---> Package perl-Encode.x86_64 0:2.51-7.el7 will be installed
---> Package perl-Pod-Escapes.noarch 1:1.04-299.el7_9 will be installed
---> Package perl-Pod-Usage.noarch 0:1.63-3.el7 will be installed
--> Processing Dependency: perl(Pod::Text) >= 3.15 for package: perl-Pod-Usage-1.63-3.el7.noarch
--> Processing Dependency: perl-Pod-Perldoc for package: perl-Pod-Usage-1.63-3.el7.noarch
---> Package perl-Text-ParseWords.noarch 0:3.29-4.el7 will be installed
--> Running transaction check
---> Package perl-Pod-Perldoc.noarch 0:3.20-4.el7 will be installed
--> Processing Dependency: perl(parent) for package: perl-Pod-Perldoc-3.20-4.el7.noarch
--> Processing Dependency: perl(HTTP::Tiny) for package: perl-Pod-Perldoc-3.20-4.el7.noarch
---> Package perl-podlators.noarch 0:2.5.1-3.el7 will be installed
--> Running transaction check
---> Package perl-HTTP-Tiny.noarch 0:0.033-3.el7 will be installed
---> Package perl-parent.noarch 1:0.225-244.el7 will be installed
--> Finished Dependency Resolution

Dependencies Resolved

==============================================================================================================================================================================================================================================
 Package                                                           Arch                                              Version                                                         Repository                                          Size
==============================================================================================================================================================================================================================================
Installing:
 mc                                                                x86_64                                            1:4.8.7-11.el7                                                  base                                               1.7 M
Installing for dependencies:
 gpm-libs                                                          x86_64                                            1.20.7-6.el7                                                    base                                                32 k
 perl                                                              x86_64                                            4:5.16.3-299.el7_9                                              updates                                            8.0 M
 perl-Carp                                                         noarch                                            1.26-244.el7                                                    base                                                19 k
 perl-Encode                                                       x86_64                                            2.51-7.el7                                                      base                                               1.5 M
 perl-Exporter                                                     noarch                                            5.68-3.el7                                                      base                                                28 k
 perl-File-Path                                                    noarch                                            2.09-2.el7                                                      base                                                26 k
 perl-File-Temp                                                    noarch                                            0.23.01-3.el7                                                   base                                                56 k
 perl-Filter                                                       x86_64                                            1.49-3.el7                                                      base                                                76 k
 perl-Getopt-Long                                                  noarch                                            2.40-3.el7                                                      base                                                56 k
 perl-HTTP-Tiny                                                    noarch                                            0.033-3.el7                                                     base                                                38 k
 perl-PathTools                                                    x86_64                                            3.40-5.el7                                                      base                                                82 k
 perl-Pod-Escapes                                                  noarch                                            1:1.04-299.el7_9                                                updates                                             52 k
 perl-Pod-Perldoc                                                  noarch                                            3.20-4.el7                                                      base                                                87 k
 perl-Pod-Simple                                                   noarch                                            1:3.28-4.el7                                                    base                                               216 k
 perl-Pod-Usage                                                    noarch                                            1.63-3.el7                                                      base                                                27 k
 perl-Scalar-List-Utils                                            x86_64                                            1.27-248.el7                                                    base                                                36 k
 perl-Socket                                                       x86_64                                            2.010-5.el7                                                     base                                                49 k
 perl-Storable                                                     x86_64                                            2.45-3.el7                                                      base                                                77 k
 perl-Text-ParseWords                                              noarch                                            3.29-4.el7                                                      base                                                14 k
 perl-Time-HiRes                                                   x86_64                                            4:1.9725-3.el7                                                  base                                                45 k
 perl-Time-Local                                                   noarch                                            1.2300-2.el7                                                    base                                                24 k
 perl-constant                                                     noarch                                            1.27-2.el7                                                      base                                                19 k
 perl-libs                                                         x86_64                                            4:5.16.3-299.el7_9                                              updates                                            690 k
 perl-macros                                                       x86_64                                            4:5.16.3-299.el7_9                                              updates                                             44 k
 perl-parent                                                       noarch                                            1:0.225-244.el7                                                 base                                                12 k
 perl-podlators                                                    noarch                                            2.5.1-3.el7                                                     base                                               112 k
 perl-threads                                                      x86_64                                            1.87-4.el7                                                      base                                                49 k
 perl-threads-shared                                               x86_64                                            1.43-6.el7                                                      base                                                39 k

Transaction Summary
==============================================================================================================================================================================================================================================
Install  1 Package (+28 Dependent packages)

Total download size: 13 M
Installed size: 42 M
Downloading packages:
(1/29): gpm-libs-1.20.7-6.el7.x86_64.rpm                                                                                                                                                                               |  32 kB  00:00:00     
(2/29): perl-Carp-1.26-244.el7.noarch.rpm                                                                                                                                                                              |  19 kB  00:00:00     
(3/29): mc-4.8.7-11.el7.x86_64.rpm                                                                                                                                                                                     | 1.7 MB  00:00:01     
(4/29): perl-Exporter-5.68-3.el7.noarch.rpm                                                                                                                                                                            |  28 kB  00:00:00     
(5/29): perl-File-Path-2.09-2.el7.noarch.rpm                                                                                                                                                                           |  26 kB  00:00:00     
(6/29): perl-File-Temp-0.23.01-3.el7.noarch.rpm                                                                                                                                                                        |  56 kB  00:00:00     
(7/29): perl-Filter-1.49-3.el7.x86_64.rpm                                                                                                                                                                              |  76 kB  00:00:00     
(8/29): perl-Encode-2.51-7.el7.x86_64.rpm                                                                                                                                                                              | 1.5 MB  00:00:01     
(9/29): perl-Getopt-Long-2.40-3.el7.noarch.rpm                                                                                                                                                                         |  56 kB  00:00:00     
(10/29): perl-HTTP-Tiny-0.033-3.el7.noarch.rpm                                                                                                                                                                         |  38 kB  00:00:00     
(11/29): perl-PathTools-3.40-5.el7.x86_64.rpm                                                                                                                                                                          |  82 kB  00:00:00     
(12/29): perl-Pod-Perldoc-3.20-4.el7.noarch.rpm                                                                                                                                                                        |  87 kB  00:00:00     
(13/29): perl-Pod-Simple-3.28-4.el7.noarch.rpm                                                                                                                                                                         | 216 kB  00:00:00     
(14/29): perl-Pod-Usage-1.63-3.el7.noarch.rpm                                                                                                                                                                          |  27 kB  00:00:00     
(15/29): perl-Scalar-List-Utils-1.27-248.el7.x86_64.rpm                                                                                                                                                                |  36 kB  00:00:00     
(16/29): perl-Socket-2.010-5.el7.x86_64.rpm                                                                                                                                                                            |  49 kB  00:00:00     
(17/29): perl-Pod-Escapes-1.04-299.el7_9.noarch.rpm                                                                                                                                                                    |  52 kB  00:00:01     
(18/29): perl-Storable-2.45-3.el7.x86_64.rpm                                                                                                                                                                           |  77 kB  00:00:00     
(19/29): perl-Text-ParseWords-3.29-4.el7.noarch.rpm                                                                                                                                                                    |  14 kB  00:00:00     
(20/29): perl-Time-HiRes-1.9725-3.el7.x86_64.rpm                                                                                                                                                                       |  45 kB  00:00:00     
(21/29): perl-Time-Local-1.2300-2.el7.noarch.rpm                                                                                                                                                                       |  24 kB  00:00:00     
(22/29): perl-constant-1.27-2.el7.noarch.rpm                                                                                                                                                                           |  19 kB  00:00:00     
(23/29): perl-5.16.3-299.el7_9.x86_64.rpm                                                                                                                                                                              | 8.0 MB  00:00:04     
(24/29): perl-macros-5.16.3-299.el7_9.x86_64.rpm                                                                                                                                                                       |  44 kB  00:00:00     
(25/29): perl-parent-0.225-244.el7.noarch.rpm                                                                                                                                                                          |  12 kB  00:00:00     
(26/29): perl-threads-1.87-4.el7.x86_64.rpm                                                                                                                                                                            |  49 kB  00:00:00     
(27/29): perl-podlators-2.5.1-3.el7.noarch.rpm                                                                                                                                                                         | 112 kB  00:00:00     
(28/29): perl-threads-shared-1.43-6.el7.x86_64.rpm                                                                                                                                                                     |  39 kB  00:00:00     
(29/29): perl-libs-5.16.3-299.el7_9.x86_64.rpm                                                                                                                                                                         | 690 kB  00:00:01     
----------------------------------------------------------------------------------------------------------------------------------------------------------------------------------------------------------------------------------------------
Total                                                                                                                                                                                                         2.4 MB/s |  13 MB  00:00:05     
Running transaction check
Running transaction test
Transaction test succeeded
Running transaction
  Installing : 1:perl-parent-0.225-244.el7.noarch                                                                                                                                                                                        1/29 
  Installing : perl-HTTP-Tiny-0.033-3.el7.noarch                                                                                                                                                                                         2/29 
  Installing : perl-podlators-2.5.1-3.el7.noarch                                                                                                                                                                                         3/29 
  Installing : perl-Pod-Perldoc-3.20-4.el7.noarch                                                                                                                                                                                        4/29 
  Installing : 1:perl-Pod-Escapes-1.04-299.el7_9.noarch                                                                                                                                                                                  5/29 
  Installing : perl-Encode-2.51-7.el7.x86_64                                                                                                                                                                                             6/29 
  Installing : perl-Text-ParseWords-3.29-4.el7.noarch                                                                                                                                                                                    7/29 
  Installing : perl-Pod-Usage-1.63-3.el7.noarch                                                                                                                                                                                          8/29 
  Installing : 4:perl-macros-5.16.3-299.el7_9.x86_64                                                                                                                                                                                     9/29 
  Installing : perl-Storable-2.45-3.el7.x86_64                                                                                                                                                                                          10/29 
  Installing : perl-Exporter-5.68-3.el7.noarch                                                                                                                                                                                          11/29 
  Installing : perl-constant-1.27-2.el7.noarch                                                                                                                                                                                          12/29 
  Installing : perl-Socket-2.010-5.el7.x86_64                                                                                                                                                                                           13/29 
  Installing : perl-Time-Local-1.2300-2.el7.noarch                                                                                                                                                                                      14/29 
  Installing : perl-Carp-1.26-244.el7.noarch                                                                                                                                                                                            15/29 
  Installing : 4:perl-Time-HiRes-1.9725-3.el7.x86_64                                                                                                                                                                                    16/29 
  Installing : perl-PathTools-3.40-5.el7.x86_64                                                                                                                                                                                         17/29 
  Installing : perl-Scalar-List-Utils-1.27-248.el7.x86_64                                                                                                                                                                               18/29 
  Installing : 1:perl-Pod-Simple-3.28-4.el7.noarch                                                                                                                                                                                      19/29 
  Installing : perl-File-Temp-0.23.01-3.el7.noarch                                                                                                                                                                                      20/29 
  Installing : perl-File-Path-2.09-2.el7.noarch                                                                                                                                                                                         21/29 
  Installing : perl-threads-shared-1.43-6.el7.x86_64                                                                                                                                                                                    22/29 
  Installing : perl-threads-1.87-4.el7.x86_64                                                                                                                                                                                           23/29 
  Installing : perl-Filter-1.49-3.el7.x86_64                                                                                                                                                                                            24/29 
  Installing : 4:perl-libs-5.16.3-299.el7_9.x86_64                                                                                                                                                                                      25/29 
  Installing : perl-Getopt-Long-2.40-3.el7.noarch                                                                                                                                                                                       26/29 
  Installing : 4:perl-5.16.3-299.el7_9.x86_64                                                                                                                                                                                           27/29 
  Installing : gpm-libs-1.20.7-6.el7.x86_64                                                                                                                                                                                             28/29 
  Installing : 1:mc-4.8.7-11.el7.x86_64                                                                                                                                                                                                 29/29 
  Verifying  : 1:mc-4.8.7-11.el7.x86_64                                                                                                                                                                                                  1/29 
  Verifying  : perl-HTTP-Tiny-0.033-3.el7.noarch                                                                                                                                                                                         2/29 
  Verifying  : perl-threads-shared-1.43-6.el7.x86_64                                                                                                                                                                                     3/29 
  Verifying  : perl-Storable-2.45-3.el7.x86_64                                                                                                                                                                                           4/29 
  Verifying  : perl-Exporter-5.68-3.el7.noarch                                                                                                                                                                                           5/29 
  Verifying  : perl-constant-1.27-2.el7.noarch                                                                                                                                                                                           6/29 
  Verifying  : perl-PathTools-3.40-5.el7.x86_64                                                                                                                                                                                          7/29 
  Verifying  : 4:perl-macros-5.16.3-299.el7_9.x86_64                                                                                                                                                                                     8/29 
  Verifying  : 1:perl-parent-0.225-244.el7.noarch                                                                                                                                                                                        9/29 
  Verifying  : perl-Socket-2.010-5.el7.x86_64                                                                                                                                                                                           10/29 
  Verifying  : perl-File-Temp-0.23.01-3.el7.noarch                                                                                                                                                                                      11/29 
  Verifying  : 1:perl-Pod-Simple-3.28-4.el7.noarch                                                                                                                                                                                      12/29 
  Verifying  : perl-Time-Local-1.2300-2.el7.noarch                                                                                                                                                                                      13/29 
  Verifying  : 1:perl-Pod-Escapes-1.04-299.el7_9.noarch                                                                                                                                                                                 14/29 
  Verifying  : perl-Carp-1.26-244.el7.noarch                                                                                                                                                                                            15/29 
  Verifying  : 4:perl-Time-HiRes-1.9725-3.el7.x86_64                                                                                                                                                                                    16/29 
  Verifying  : perl-Scalar-List-Utils-1.27-248.el7.x86_64                                                                                                                                                                               17/29 
  Verifying  : perl-Pod-Usage-1.63-3.el7.noarch                                                                                                                                                                                         18/29 
  Verifying  : perl-Encode-2.51-7.el7.x86_64                                                                                                                                                                                            19/29 
  Verifying  : perl-Pod-Perldoc-3.20-4.el7.noarch                                                                                                                                                                                       20/29 
  Verifying  : perl-podlators-2.5.1-3.el7.noarch                                                                                                                                                                                        21/29 
  Verifying  : 4:perl-5.16.3-299.el7_9.x86_64                                                                                                                                                                                           22/29 
  Verifying  : perl-File-Path-2.09-2.el7.noarch                                                                                                                                                                                         23/29 
  Verifying  : perl-threads-1.87-4.el7.x86_64                                                                                                                                                                                           24/29 
  Verifying  : gpm-libs-1.20.7-6.el7.x86_64                                                                                                                                                                                             25/29 
  Verifying  : perl-Filter-1.49-3.el7.x86_64                                                                                                                                                                                            26/29 
  Verifying  : perl-Getopt-Long-2.40-3.el7.noarch                                                                                                                                                                                       27/29 
  Verifying  : perl-Text-ParseWords-3.29-4.el7.noarch                                                                                                                                                                                   28/29 
  Verifying  : 4:perl-libs-5.16.3-299.el7_9.x86_64                                                                                                                                                                                      29/29 

Installed:
  mc.x86_64 1:4.8.7-11.el7                                                                                                                                                                                                                    

Dependency Installed:
  gpm-libs.x86_64 0:1.20.7-6.el7                     perl.x86_64 4:5.16.3-299.el7_9                 perl-Carp.noarch 0:1.26-244.el7               perl-Encode.x86_64 0:2.51-7.el7                perl-Exporter.noarch 0:5.68-3.el7          
  perl-File-Path.noarch 0:2.09-2.el7                 perl-File-Temp.noarch 0:0.23.01-3.el7          perl-Filter.x86_64 0:1.49-3.el7               perl-Getopt-Long.noarch 0:2.40-3.el7           perl-HTTP-Tiny.noarch 0:0.033-3.el7        
  perl-PathTools.x86_64 0:3.40-5.el7                 perl-Pod-Escapes.noarch 1:1.04-299.el7_9       perl-Pod-Perldoc.noarch 0:3.20-4.el7          perl-Pod-Simple.noarch 1:3.28-4.el7            perl-Pod-Usage.noarch 0:1.63-3.el7         
  perl-Scalar-List-Utils.x86_64 0:1.27-248.el7       perl-Socket.x86_64 0:2.010-5.el7               perl-Storable.x86_64 0:2.45-3.el7             perl-Text-ParseWords.noarch 0:3.29-4.el7       perl-Time-HiRes.x86_64 4:1.9725-3.el7      
  perl-Time-Local.noarch 0:1.2300-2.el7              perl-constant.noarch 0:1.27-2.el7              perl-libs.x86_64 4:5.16.3-299.el7_9           perl-macros.x86_64 4:5.16.3-299.el7_9          perl-parent.noarch 1:0.225-244.el7         
  perl-podlators.noarch 0:2.5.1-3.el7                perl-threads.x86_64 0:1.87-4.el7               perl-threads-shared.x86_64 0:1.43-6.el7      

Complete!
[root@lvm vagrant]# mc

[root@lvm mnt]# touch file1.txt

[root@lvm mnt]# touch file2.txt
[root@lvm mnt]# touch file3.txt
[root@lvm mnt]# 
[root@lvm vagrant]# xfs_
xfs_admin      xfs_copy       xfs_estimate   xfs_fsr        xfs_info       xfs_logprint   xfs_metadump   xfs_ncheck     xfs_repair     
xfs_bmap       xfs_db         xfs_freeze     xfs_growfs     xfs_io         xfs_mdrestore  xfs_mkfile     xfs_quota      xfs_rtcp       
[root@lvm vagrant]# xfs_
xfs_admin      xfs_copy       xfs_estimate   xfs_fsr        xfs_info       xfs_logprint   xfs_metadump   xfs_ncheck     xfs_repair     
xfs_bmap       xfs_db         xfs_freeze     xfs_growfs     xfs_io         xfs_mdrestore  xfs_mkfile     xfs_quota      xfs_rtcp       
[root@lvm vagrant]# yum install -y xfsdump
Loaded plugins: fastestmirror
Loading mirror speeds from cached hostfile
 * base: mirrors.datahouse.ru
 * extras: mirrors.datahouse.ru
 * updates: mirrors.datahouse.ru
Resolving Dependencies
--> Running transaction check
---> Package xfsdump.x86_64 0:3.1.7-1.el7 will be installed
--> Processing Dependency: attr >= 2.0.0 for package: xfsdump-3.1.7-1.el7.x86_64
--> Running transaction check
---> Package attr.x86_64 0:2.4.46-13.el7 will be installed
--> Finished Dependency Resolution

Dependencies Resolved

==============================================================================================================================================================================================================================================
 Package                                                  Arch                                                    Version                                                         Repository                                             Size
==============================================================================================================================================================================================================================================
Installing:
 xfsdump                                                  x86_64                                                  3.1.7-1.el7                                                     base                                                  308 k
Installing for dependencies:
 attr                                                     x86_64                                                  2.4.46-13.el7                                                   base                                                   66 k

Transaction Summary
==============================================================================================================================================================================================================================================
Install  1 Package (+1 Dependent package)

Total download size: 374 k
Installed size: 1.1 M
Downloading packages:
(1/2): attr-2.4.46-13.el7.x86_64.rpm                                                                                                                                                                                   |  66 kB  00:00:01     
(2/2): xfsdump-3.1.7-1.el7.x86_64.rpm                                                                                                                                                                                  | 308 kB  00:00:01     
----------------------------------------------------------------------------------------------------------------------------------------------------------------------------------------------------------------------------------------------
Total                                                                                                                                                                                                         198 kB/s | 374 kB  00:00:01     
Running transaction check
Running transaction test
Transaction test succeeded
Running transaction
  Installing : attr-2.4.46-13.el7.x86_64                                                                                                                                                                                                  1/2 
  Installing : xfsdump-3.1.7-1.el7.x86_64                                                                                                                                                                                                 2/2 
  Verifying  : attr-2.4.46-13.el7.x86_64                                                                                                                                                                                                  1/2 
  Verifying  : xfsdump-3.1.7-1.el7.x86_64                                                                                                                                                                                                 2/2 

Installed:
  xfsdump.x86_64 0:3.1.7-1.el7                                                                                                                                                                                                                

Dependency Installed:
  attr.x86_64 0:2.4.46-13.el7                                                                                                                                                                                                                 

Complete!
[root@lvm vagrant]# xfsdump 
xfsdump: version 3.1.7 (dump format 3.0)
xfsdump: usage: xfsdump [ -a (dump DMF dualstate files as offline) ]
                        [ -b <blocksize> ]
                        [ -c <media change alert program>  ]
                        [ -d <dump media file size>  ]
                        [ -e (allow files to be excluded) ]
                        [ -f <destination> ... ]
                        [ -h (help) ]
                        [ -l <level> ]
                        [ -m (force usage of minimal rmt) ]
                        [ -o (overwrite tape) ]
                        [ -p <seconds between progress reports> ]
                        [ -q <use QIC tape settings> ]
                        [ -s <subtree> ... ]
                        [ -t <file> (use file mtime for dump time ]
                        [ -v <verbosity {silent, verbose, trace}> ]
                        [ -z <maximum file size> ]
                        [ -A (don't dump extended file attributes) ]
                        [ -B <base dump session id> ]
                        [ -D (skip unchanged directories) ]
                        [ -E (pre-erase media) ]
                        [ -F (don't prompt) ]
                        [ -I (display dump inventory) ]
                        [ -J (inhibit inventory update) ]
                        [ -K (generate format 2 dump) ]
                        [ -L <session label> ]
                        [ -M <media label> ... ]
                        [ -O <options file> ]
                        [ -R (resume) ]
                        [ -T (don't timeout dialogs) ]
                        [ -Y <I/O buffer ring length> ]
                        [ - (stdout) ]
                        [ <source (mntpnt|device)> ]
xfsdump: Dump Status: ERROR
[root@lvm vagrant]# xfsdump -J - /dev/VolGroup00/LogVol00 | xfsrestore -J - /mnt
xfsrestore: using file dump (drive_simple) strategy
xfsrestore: version 3.1.7 (dump format 3.0)
xfsdump: using file dump (drive_simple) strategy
xfsdump: version 3.1.7 (dump format 3.0)
xfsdump: level 0 dump of lvm:/
xfsdump: dump date: Sun May 22 07:41:45 2022
xfsdump: session id: ef10c102-d275-482d-8fb8-fda37be38a1e
xfsdump: session label: ""
xfsrestore: searching media for dump
xfsdump: ino map phase 1: constructing initial dump list
xfsdump: ino map phase 2: skipping (no pruning necessary)
xfsdump: ino map phase 3: skipping (only one dump stream)
xfsdump: ino map construction complete
xfsdump: estimated dump size: 876073280 bytes
xfsdump: creating dump session media file 0 (media 0, file 0)
xfsdump: dumping ino map
xfsdump: dumping directories
xfsrestore: examining media file 0
xfsrestore: dump description: 
xfsrestore: hostname: lvm
xfsrestore: mount point: /
xfsrestore: volume: /dev/mapper/VolGroup00-LogVol00
xfsrestore: session time: Sun May 22 07:41:45 2022
xfsrestore: level: 0
xfsrestore: session label: ""
xfsrestore: media label: ""
xfsrestore: file system id: b60e9498-0baa-4d9f-90aa-069048217fee
xfsrestore: session id: ef10c102-d275-482d-8fb8-fda37be38a1e
xfsrestore: media id: 0ee1f047-3e27-4fa1-9498-eb1f336027bd
xfsrestore: searching media for directory dump
xfsrestore: reading directories
xfsdump: dumping non-directory files
xfsrestore: 3139 directories and 26919 entries processed
xfsrestore: directory post-processing
xfsrestore: restoring non-directory files
xfsdump: ending media file
xfsdump: media file size 848274432 bytes
xfsdump: dump size (non-dir files) : 833106608 bytes
xfsdump: dump complete: 5 seconds elapsed
xfsdump: Dump Status: SUCCESS
xfsrestore: restore complete: 5 seconds elapsed
xfsrestore: Restore Status: SUCCESS
[root@lvm vagrant]# ls /mnt/
bin  boot  dev  etc  file1.txt  file2.txt  file3.txt  home  lib  lib64  media  mnt  opt  proc  root  run  sbin  srv  sys  tmp  usr  vagrant  var
[root@lvm vagrant]# for i in /proc/ /sys/ /dev/ /run/ /boot/; do mount --bind $i /mnt/$i; done
[root@lvm vagrant]# ls /mnt
bin  boot  dev  etc  file1.txt  file2.txt  file3.txt  home  lib  lib64  media  mnt  opt  proc  root  run  sbin  srv  sys  tmp  usr  vagrant  var
[root@lvm vagrant]# ls /
bin  boot  dev  etc  home  lib  lib64  media  mnt  opt  proc  root  run  sbin  srv  sys  tmp  usr  vagrant  var
[root@lvm vagrant]# chroot /mnt/
[root@lvm /]# mc
# OA
/bin/bash: OA: command not found

[root@lvm grub2]# grub2-mkconfig -o /boot/grub2/grub.cfg
Generating grub configuration file ...
Found linux image: /boot/vmlinuz-3.10.0-862.2.3.el7.x86_64
Found initrd image: /boot/initramfs-3.10.0-862.2.3.el7.x86_64.img
done
[root@lvm grub2]# # cd /boot ; for i in `ls initramfs-*img`; do dracut -v $i `echo $i|sed "s/initramfs-//g;
[root@lvm grub2]# s/.img//g"` --force; done
> ;
> ^C
[root@lvm grub2]# cd /boot ; for i in `ls initramfs-*img`; do dracut -v $i `echo $i|sed "s/initramfs-//g; s/.img//g"` --force; done
Executing: /usr/bin/dracut -v initramfs-3.10.0-862.2.3.el7.x86_64.img 3.10.0-862.2.3.el7.x86_64 --force
dracut module 'busybox' will not be installed, because command 'busybox' could not be found!
dracut module 'crypt' will not be installed, because command 'cryptsetup' could not be found!
dracut module 'dmraid' will not be installed, because command 'dmraid' could not be found!
dracut module 'dmsquash-live-ntfs' will not be installed, because command 'ntfs-3g' could not be found!
dracut module 'multipath' will not be installed, because command 'multipath' could not be found!
dracut module 'busybox' will not be installed, because command 'busybox' could not be found!
dracut module 'crypt' will not be installed, because command 'cryptsetup' could not be found!
dracut module 'dmraid' will not be installed, because command 'dmraid' could not be found!
dracut module 'dmsquash-live-ntfs' will not be installed, because command 'ntfs-3g' could not be found!
dracut module 'multipath' will not be installed, because command 'multipath' could not be found!
*** Including module: bash ***
*** Including module: nss-softokn ***
*** Including module: i18n ***
*** Including module: drm ***
*** Including module: plymouth ***
*** Including module: dm ***
Skipping udev rule: 64-device-mapper.rules
Skipping udev rule: 60-persistent-storage-dm.rules
Skipping udev rule: 55-dm.rules
*** Including module: kernel-modules ***
Omitting driver floppy
*** Including module: lvm ***
Skipping udev rule: 64-device-mapper.rules
Skipping udev rule: 56-lvm.rules
Skipping udev rule: 60-persistent-storage-lvm.rules
*** Including module: qemu ***
*** Including module: resume ***
*** Including module: rootfs-block ***
*** Including module: terminfo ***
*** Including module: udev-rules ***
Skipping udev rule: 40-redhat-cpu-hotplug.rules
Skipping udev rule: 91-permissions.rules
*** Including module: biosdevname ***
*** Including module: systemd ***
*** Including module: usrmount ***
*** Including module: base ***
*** Including module: fs-lib ***
*** Including module: shutdown ***
*** Including modules done ***
*** Installing kernel module dependencies and firmware ***
*** Installing kernel module dependencies and firmware done ***
*** Resolving executable dependencies ***
*** Resolving executable dependencies done***
*** Hardlinking files ***
*** Hardlinking files done ***
*** Stripping files ***
*** Stripping files done ***
*** Generating early-microcode cpio image contents ***
*** No early-microcode cpio image needed ***
*** Store current command line parameters ***
*** Creating image file ***
*** Creating image file done ***
*** Creating initramfs image file '/boot/initramfs-3.10.0-862.2.3.el7.x86_64.img' done ***
[root@lvm boot]# mc

[root@lvm grub2]# mc

[root@lvm grub2]# lsblk 
NAME                    MAJ:MIN RM  SIZE RO TYPE MOUNTPOINT
sda                       8:0    0   40G  0 disk 
+-sda1                    8:1    0    1M  0 part 
+-sda2                    8:2    0    1G  0 part /boot
L-sda3                    8:3    0   39G  0 part 
  +-VolGroup00-LogVol00 253:0    0 37.5G  0 lvm  
  L-VolGroup00-LogVol01 253:1    0  1.5G  0 lvm  [SWAP]
sdb                       8:16   0   10G  0 disk 
L-vg_root-lv_root       253:2    0   10G  0 lvm  /
sdc                       8:32   0    2G  0 disk 
sdd                       8:48   0    1G  0 disk 
sde                       8:64   0    1G  0 disk 
[root@lvm grub2]# reboot
Running in chroot, ignoring request.
[root@lvm grub2]# ^C
[root@lvm grub2]# exit
exit
[root@lvm vagrant]# reboot
Connection to 127.0.0.1 closed by remote host.
Connection to 127.0.0.1 closed.
[root@fedora 03lesson-lvm]# vagrant ssh
Last login: Sun May 22 04:52:27 2022 from 10.0.2.2
[vagrant@lvm ~]$ su
Password: 
[root@lvm vagrant]# lsblk 
NAME                    MAJ:MIN RM  SIZE RO TYPE MOUNTPOINT
sda                       8:0    0   40G  0 disk 
+-sda1                    8:1    0    1M  0 part 
+-sda2                    8:2    0    1G  0 part /boot
L-sda3                    8:3    0   39G  0 part 
  +-VolGroup00-LogVol01 253:1    0  1.5G  0 lvm  [SWAP]
  L-VolGroup00-LogVol00 253:2    0 37.5G  0 lvm  
sdb                       8:16   0   10G  0 disk 
L-vg_root-lv_root       253:0    0   10G  0 lvm  /
sdc                       8:32   0    2G  0 disk 
sdd                       8:48   0    1G  0 disk 
sde                       8:64   0    1G  0 disk 
[root@lvm vagrant]#  lvremove /dev/VolGroup00/LogVol00
Do you really want to remove active logical volume VolGroup00/LogVol00? [y/n]: n
  Logical volume VolGroup00/LogVol00 not removed.
[root@lvm vagrant]#  lvremove /dev/VolGroup00/LogVol00 -y
  Logical volume "LogVol00" successfully removed
[root@lvm vagrant]# echo lvcreate -n VolGroup00/LogVol00 -L 8G /dev/VolGroup00
lvcreate -n VolGroup00/LogVol00 -L 8G /dev/VolGroup00
[root@lvm vagrant]# lsblk 
NAME                    MAJ:MIN RM  SIZE RO TYPE MOUNTPOINT
sda                       8:0    0   40G  0 disk 
+-sda1                    8:1    0    1M  0 part 
+-sda2                    8:2    0    1G  0 part /boot
L-sda3                    8:3    0   39G  0 part 
  L-VolGroup00-LogVol01 253:1    0  1.5G  0 lvm  [SWAP]
sdb                       8:16   0   10G  0 disk 
L-vg_root-lv_root       253:0    0   10G  0 lvm  /
sdc                       8:32   0    2G  0 disk 
sdd                       8:48   0    1G  0 disk 
sde                       8:64   0    1G  0 disk 
[root@lvm vagrant]# lvcreate -n VolGroup00/LogVol00 -L 8G /dev/VolGroup00
WARNING: xfs signature detected on /dev/VolGroup00/LogVol00 at offset 0. Wipe it? [y/n]: n
  Aborted wiping of xfs.
  1 existing signature left on the device.
  Logical volume "LogVol00" created.
[root@lvm vagrant]# lvcreate -n VolGroup00/LogVol00 -L 8G /dev/VolGroup00 -y
  Logical Volume "LogVol00" already exists in volume group "VolGroup00"
[root@lvm vagrant]#  lvremove /dev/VolGroup00/LogVol00 -y
  Logical volume "LogVol00" successfully removed
[root@lvm vagrant]# lvcreate -n VolGroup00/LogVol00 -L 8G /dev/VolGroup00 -y
  Logical volume "LogVol00" created.
[root@lvm vagrant]# lsblk 
NAME                    MAJ:MIN RM  SIZE RO TYPE MOUNTPOINT
sda                       8:0    0   40G  0 disk 
+-sda1                    8:1    0    1M  0 part 
+-sda2                    8:2    0    1G  0 part /boot
L-sda3                    8:3    0   39G  0 part 
  +-VolGroup00-LogVol01 253:1    0  1.5G  0 lvm  [SWAP]
  L-VolGroup00-LogVol00 253:2    0    8G  0 lvm  
sdb                       8:16   0   10G  0 disk 
L-vg_root-lv_root       253:0    0   10G  0 lvm  /
sdc                       8:32   0    2G  0 disk 
sdd                       8:48   0    1G  0 disk 
sde                       8:64   0    1G  0 disk 
[root@lvm vagrant]# mkfs.xfs /dev/VolGroup00/LogVol00
meta-data=/dev/VolGroup00/LogVol00 isize=512    agcount=4, agsize=524288 blks
         =                       sectsz=512   attr=2, projid32bit=1
         =                       crc=1        finobt=0, sparse=0
data     =                       bsize=4096   blocks=2097152, imaxpct=25
         =                       sunit=0      swidth=0 blks
naming   =version 2              bsize=4096   ascii-ci=0 ftype=1
log      =internal log           bsize=4096   blocks=2560, version=2
         =                       sectsz=512   sunit=0 blks, lazy-count=1
realtime =none                   extsz=4096   blocks=0, rtextents=0
[root@lvm vagrant]# ls /mnt/
[root@lvm vagrant]# mount /dev/VolGroup00/LogVol00 /mnt
[root@lvm vagrant]# ls /mnt/
[root@lvm vagrant]# xfsdump -J - /dev/vg_root/lv_root | xfsrestore -J - /mnt
xfsdump: using file dump (drive_simple) strategy
xfsdump: version 3.1.7 (dump format 3.0)
xfsdump: level 0 dump of lvm:/
xfsdump: dump date: Sun May 22 08:05:49 2022
xfsdump: session id: c996251e-2b3c-495e-80d7-40f11149799c
xfsdump: session label: ""
xfsrestore: using file dump (drive_simple) strategy
xfsrestore: version 3.1.7 (dump format 3.0)
xfsrestore: searching media for dump
xfsdump: ino map phase 1: constructing initial dump list
xfsdump: ino map phase 2: skipping (no pruning necessary)
xfsdump: ino map phase 3: skipping (only one dump stream)
xfsdump: ino map construction complete
xfsdump: estimated dump size: 875704704 bytes
xfsdump: creating dump session media file 0 (media 0, file 0)
xfsdump: dumping ino map
xfsdump: dumping directories
xfsrestore: examining media file 0
xfsrestore: dump description: 
xfsrestore: hostname: lvm
xfsrestore: mount point: /
xfsrestore: volume: /dev/mapper/vg_root-lv_root
xfsrestore: session time: Sun May 22 08:05:49 2022
xfsrestore: level: 0
xfsrestore: session label: ""
xfsrestore: media label: ""
xfsrestore: file system id: 85630226-9940-49ef-9ffe-b32b0ee61055
xfsrestore: session id: c996251e-2b3c-495e-80d7-40f11149799c
xfsrestore: media id: 53558da7-1f1d-4f32-9524-5eafe03b6429
xfsrestore: searching media for directory dump
xfsrestore: reading directories
xfsdump: dumping non-directory files
xfsrestore: 3146 directories and 26932 entries processed
xfsrestore: directory post-processing
xfsrestore: restoring non-directory files
xfsdump: ending media file
xfsdump: media file size 846895760 bytes
xfsdump: dump size (non-dir files) : 831718992 bytes
xfsdump: dump complete: 6 seconds elapsed
xfsdump: Dump Status: SUCCESS
xfsrestore: restore complete: 6 seconds elapsed
xfsrestore: Restore Status: SUCCESS
[root@lvm vagrant]# for i in /proc/ /sys/ /dev/ /run/ /boot/; do mount --bind $i /mnt/$i; done
[root@lvm vagrant]# chroot /mnt/
[root@lvm /]# grub2-mkconfig -o /boot/grub2/grub.cfg
Generating grub configuration file ...
Found linux image: /boot/vmlinuz-3.10.0-862.2.3.el7.x86_64
Found initrd image: /boot/initramfs-3.10.0-862.2.3.el7.x86_64.img
done
[root@lvm /]# cd /boot ; for i in `ls initramfs-*img`; do dracut -v $i `echo $i|sed "s/initramfs-//g; s/.img//g"` --force; done
Executing: /usr/bin/dracut -v initramfs-3.10.0-862.2.3.el7.x86_64.img 3.10.0-862.2.3.el7.x86_64 --force
dracut module 'busybox' will not be installed, because command 'busybox' could not be found!
dracut module 'crypt' will not be installed, because command 'cryptsetup' could not be found!
dracut module 'dmraid' will not be installed, because command 'dmraid' could not be found!
dracut module 'dmsquash-live-ntfs' will not be installed, because command 'ntfs-3g' could not be found!
dracut module 'multipath' will not be installed, because command 'multipath' could not be found!
dracut module 'busybox' will not be installed, because command 'busybox' could not be found!
dracut module 'crypt' will not be installed, because command 'cryptsetup' could not be found!
dracut module 'dmraid' will not be installed, because command 'dmraid' could not be found!
dracut module 'dmsquash-live-ntfs' will not be installed, because command 'ntfs-3g' could not be found!
dracut module 'multipath' will not be installed, because command 'multipath' could not be found!
*** Including module: bash ***
*** Including module: nss-softokn ***
*** Including module: i18n ***
*** Including module: drm ***
*** Including module: plymouth ***
*** Including module: dm ***
Skipping udev rule: 64-device-mapper.rules
Skipping udev rule: 60-persistent-storage-dm.rules
Skipping udev rule: 55-dm.rules
*** Including module: kernel-modules ***
Omitting driver floppy
*** Including module: lvm ***
Skipping udev rule: 64-device-mapper.rules
Skipping udev rule: 56-lvm.rules
Skipping udev rule: 60-persistent-storage-lvm.rules
*** Including module: qemu ***
*** Including module: resume ***
*** Including module: rootfs-block ***
*** Including module: terminfo ***
*** Including module: udev-rules ***
Skipping udev rule: 40-redhat-cpu-hotplug.rules
Skipping udev rule: 91-permissions.rules
*** Including module: biosdevname ***
*** Including module: systemd ***
*** Including module: usrmount ***
*** Including module: base ***
*** Including module: fs-lib ***
*** Including module: shutdown ***
*** Including modules done ***
*** Installing kernel module dependencies and firmware ***
*** Installing kernel module dependencies and firmware done ***
*** Resolving executable dependencies ***
*** Resolving executable dependencies done***
*** Hardlinking files ***
*** Hardlinking files done ***
*** Stripping files ***
*** Stripping files done ***
*** Generating early-microcode cpio image contents ***
*** No early-microcode cpio image needed ***
*** Store current command line parameters ***
*** Creating image file ***
*** Creating image file done ***
*** Creating initramfs image file '/boot/initramfs-3.10.0-862.2.3.el7.x86_64.img' done ***
[root@lvm boot]# lsblk 
NAME                    MAJ:MIN RM  SIZE RO TYPE MOUNTPOINT
sda                       8:0    0   40G  0 disk 
+-sda1                    8:1    0    1M  0 part 
+-sda2                    8:2    0    1G  0 part /boot
L-sda3                    8:3    0   39G  0 part 
  +-VolGroup00-LogVol01 253:1    0  1.5G  0 lvm  [SWAP]
  L-VolGroup00-LogVol00 253:2    0    8G  0 lvm  /
sdb                       8:16   0   10G  0 disk 
L-vg_root-lv_root       253:0    0   10G  0 lvm  
sdc                       8:32   0    2G  0 disk 
sdd                       8:48   0    1G  0 disk 
sde                       8:64   0    1G  0 disk 
[root@lvm boot]# pvcreate /dev/sdc /dev/sdd
  Physical volume "/dev/sdc" successfully created.
  Physical volume "/dev/sdd" successfully created.
[root@lvm boot]# vgcreate vg_var /dev/sdc /dev/sdd
  Volume group "vg_var" successfully created
[root@lvm boot]#  lvcreate -L 950M -m1 -n lv_var vg_var
  Rounding up size to full physical extent 952.00 MiB
  Logical volume "lv_var" created.
[root@lvm boot]# mkfs.ext4 /dev/vg_var/lv_var
mke2fs 1.42.9 (28-Dec-2013)
Filesystem label=
OS type: Linux
Block size=4096 (log=2)
Fragment size=4096 (log=2)
Stride=0 blocks, Stripe width=0 blocks
60928 inodes, 243712 blocks
12185 blocks (5.00%) reserved for the super user
First data block=0
Maximum filesystem blocks=249561088
8 block groups
32768 blocks per group, 32768 fragments per group
7616 inodes per group
Superblock backups stored on blocks: 
	32768, 98304, 163840, 229376

Allocating group tables: done                            
Writing inode tables: done                            
Creating journal (4096 blocks): done
Writing superblocks and filesystem accounting information: done

[root@lvm boot]# ls /mnt/
[root@lvm boot]# mount /dev/vg_var/lv_var /mnt
[root@lvm boot]# ls /mnt/
lost+found
[root@lvm boot]# cp -aR /var/* /mnt/ 
[root@lvm boot]# rsync -avHPSAX /var/ /mnt/
sending incremental file list
./
.updated
            163 100%    0.00kB/s    0:00:00 (xfr#1, ir-chk=1028/1030)

sent 143,440 bytes  received 628 bytes  96,045.33 bytes/sec
total size is 197,742,172  speedup is 1,372.56
[root@lvm boot]# ls /mnt/
adm  cache  db  empty  games  gopher  kerberos  lib  local  lock  log  lost+found  mail  nis  opt  preserve  run  spool  tmp  yp
[root@lvm boot]# mkdir /tmp/oldvar && mv /var/* /tmp/oldvar
[root@lvm boot]# umount /mnt
[root@lvm boot]# mount /dev/vg_var/lv_var /var
[root@lvm boot]# echo "`blkid | grep var: | awk '{print $2}'` /var ext4 defaults 0 0" 
UUID="10ab73d8-6a2a-4ae7-bb5d-8074b1196e36" /var ext4 defaults 0 0
[root@lvm boot]# echo "`blkid | grep var: | awk '{print $2}'` /var ext4 defaults 0 0" >> /etc/fstab
[root@lvm boot]# cat /etc/f
favicon.png  filesystems  firewalld/   fstab        
[root@lvm boot]# cat /etc/fstab 

#
# /etc/fstab
# Created by anaconda on Sat May 12 18:50:26 2018
#
# Accessible filesystems, by reference, are maintained under '/dev/disk'
# See man pages fstab(5), findfs(8), mount(8) and/or blkid(8) for more info
#
/dev/mapper/VolGroup00-LogVol00 /                       xfs     defaults        0 0
UUID=570897ca-e759-4c81-90cf-389da6eee4cc /boot                   xfs     defaults        0 0
/dev/mapper/VolGroup00-LogVol01 swap                    swap    defaults        0 0
#VAGRANT-BEGIN
# The contents below are automatically generated by Vagrant. Do not modify.
#VAGRANT-END
UUID="10ab73d8-6a2a-4ae7-bb5d-8074b1196e36" /var ext4 defaults 0 0
[root@lvm boot]# exit
exit
[root@lvm vagrant]# reboot
Connection to 127.0.0.1 closed by remote host.
Connection to 127.0.0.1 closed.
[root@fedora 03lesson-lvm]# vagrant ssh
Last login: Sun May 22 08:02:19 2022 from 10.0.2.2
[vagrant@lvm ~]$ lsblk 
NAME                     MAJ:MIN RM  SIZE RO TYPE MOUNTPOINT
sda                        8:0    0   40G  0 disk 
+-sda1                     8:1    0    1M  0 part 
+-sda2                     8:2    0    1G  0 part /boot
L-sda3                     8:3    0   39G  0 part 
  +-VolGroup00-LogVol00  253:0    0    8G  0 lvm  /
  L-VolGroup00-LogVol01  253:1    0  1.5G  0 lvm  [SWAP]
sdb                        8:16   0   10G  0 disk 
L-vg_root-lv_root        253:7    0   10G  0 lvm  
sdc                        8:32   0    2G  0 disk 
+-vg_var-lv_var_rmeta_0  253:2    0    4M  0 lvm  
 L-vg_var-lv_var        253:6    0  952M  0 lvm  /var
L-vg_var-lv_var_rimage_0 253:3    0  952M  0 lvm  
  L-vg_var-lv_var        253:6    0  952M  0 lvm  /var
sdd                        8:48   0    1G  0 disk 
+-vg_var-lv_var_rmeta_1  253:4    0    4M  0 lvm  
 L-vg_var-lv_var        253:6    0  952M  0 lvm  /var
L-vg_var-lv_var_rimage_1 253:5    0  952M  0 lvm  
  L-vg_var-lv_var        253:6    0  952M  0 lvm  /var
sde                        8:64   0    1G  0 disk 
[vagrant@lvm ~]$  lvremove /dev/vg_root/lv_root
  WARNING: Running as a non-root user. Functionality may be unavailable.
  /run/lvm/lvmetad.socket: access failed: Permission denied
  WARNING: Failed to connect to lvmetad. Falling back to device scanning.
  /dev/mapper/control: open failed: Permission denied
  Failure to communicate with kernel device-mapper driver.
  Incompatible libdevmapper 1.02.146-RHEL7 (2018-01-22) and kernel driver (unknown version).
  /run/lock/lvm/V_vg_root:aux: open failed: Permission denied
  Can't get lock for vg_root
  Cannot process volume group vg_root
[vagrant@lvm ~]$ su
Password: 
su: Authentication failure
[vagrant@lvm ~]$ su
Password: 
[root@lvm vagrant]#  lvremove /dev/vg_root/lv_root
Do you really want to remove active logical volume vg_root/lv_root? [y/n]: n
  Logical volume vg_root/lv_root not removed.
[root@lvm vagrant]#  lvremove /dev/vg_root/lv_root -y
  Logical volume "lv_root" successfully removed
[root@lvm vagrant]# vgs
  VG         #PV #LV #SN Attr   VSize   VFree  
  VolGroup00   1   2   0 wz--n- <38.97g <29.47g
  vg_root      1   0   0 wz--n- <10.00g <10.00g
  vg_var       2   1   0 wz--n-   2.99g   1.12g
[root@lvm vagrant]# vgremove /dev/vg_root
  Volume group "vg_root" successfully removed
[root@lvm vagrant]# pvs
  PV         VG         Fmt  Attr PSize    PFree  
  /dev/sda3  VolGroup00 lvm2 a--   <38.97g <29.47g
  /dev/sdb              lvm2 ---    10.00g  10.00g
  /dev/sdc   vg_var     lvm2 a--    <2.00g   1.06g
  /dev/sdd   vg_var     lvm2 a--  1020.00m  64.00m
[root@lvm vagrant]# pvremove /dev/sdb
  Labels on physical volume "/dev/sdb" successfully wiped.
[root@lvm vagrant]# lvcreate -n LogVol_Home -L 2G /dev/VolGroup00
  Logical volume "LogVol_Home" created.
[root@lvm vagrant]# lvcreate 
  No command with matching syntax recognised.  Run 'lvcreate --help' for more information.
[root@lvm vagrant]#  --help
bash: --help: command not found
[root@lvm vagrant]# lvcreate --help
  lvcreate - Create a logical volume

  Create a linear LV.
  lvcreate -L|--size Size[m|UNIT] VG
	[ -l|--extents Number[PERCENT] ]
	[    --type linear ]
	[ COMMON_OPTIONS ]
	[ PV ... ]

  Create a striped LV (infers --type striped).
  lvcreate -i|--stripes Number -L|--size Size[m|UNIT] VG
	[ -l|--extents Number[PERCENT] ]
	[ -I|--stripesize Size[k|UNIT] ]
	[ COMMON_OPTIONS ]
	[ PV ... ]

  Create a raid1 or mirror LV (infers --type raid1|mirror).
  lvcreate -m|--mirrors Number -L|--size Size[m|UNIT] VG
	[ -l|--extents Number[PERCENT] ]
	[ -R|--regionsize Size[m|UNIT] ]
	[    --mirrorlog core|disk ]
	[    --minrecoveryrate Size[k|UNIT] ]
	[    --maxrecoveryrate Size[k|UNIT] ]
	[ COMMON_OPTIONS ]
	[ PV ... ]

  Create a raid LV (a specific raid level must be used, e.g. raid1).
  lvcreate --type raid -L|--size Size[m|UNIT] VG
	[ -l|--extents Number[PERCENT] ]
	[ -m|--mirrors Number ]
	[ -i|--stripes Number ]
	[ -I|--stripesize Size[k|UNIT] ]
	[ -R|--regionsize Size[m|UNIT] ]
	[    --minrecoveryrate Size[k|UNIT] ]
	[    --maxrecoveryrate Size[k|UNIT] ]
	[ COMMON_OPTIONS ]
	[ PV ... ]

  Create a raid10 LV.
  lvcreate -m|--mirrors Number -i|--stripes Number -L|--size Size[m|UNIT] VG
	[ -l|--extents Number[PERCENT] ]
	[ -I|--stripesize Size[k|UNIT] ]
	[ -R|--regionsize Size[m|UNIT] ]
	[    --minrecoveryrate Size[k|UNIT] ]
	[    --maxrecoveryrate Size[k|UNIT] ]
	[ COMMON_OPTIONS ]
	[ PV ... ]

  Create a COW snapshot LV of an origin LV.
  lvcreate -s|--snapshot -L|--size Size[m|UNIT] LV
	[ -l|--extents Number[PERCENT] ]
	[ -i|--stripes Number ]
	[ -I|--stripesize Size[k|UNIT] ]
	[ -c|--chunksize Size[k|UNIT] ]
	[    --type snapshot ]
	[ COMMON_OPTIONS ]
	[ PV ... ]

  Create a thin pool.
  lvcreate --type thin-pool -L|--size Size[m|UNIT] VG
	[ -l|--extents Number[PERCENT] ]
	[ -c|--chunksize Size[k|UNIT] ]
	[ -i|--stripes Number ]
	[ -I|--stripesize Size[k|UNIT] ]
	[    --thinpool LV_new ]
	[    --poolmetadatasize Size[m|UNIT] ]
	[    --poolmetadataspare y|n ]
	[    --discards passdown|nopassdown|ignore ]
	[    --errorwhenfull y|n ]
	[ COMMON_OPTIONS ]
	[ PV ... ]

  Create a cache pool.
  lvcreate --type cache-pool -L|--size Size[m|UNIT] VG
	[ -l|--extents Number[PERCENT] ]
	[ -H|--cache ]
	[ -c|--chunksize Size[k|UNIT] ]
	[    --poolmetadatasize Size[m|UNIT] ]
	[    --poolmetadataspare y|n ]
	[    --cachemode writethrough|writeback|passthrough ]
	[    --cachepolicy String ]
	[    --cachesettings String ]
	[    --cachemetadataformat auto|1|2 ]
	[ COMMON_OPTIONS ]
	[ PV ... ]

  Create a thin LV in a thin pool (infers --type thin).
  lvcreate -V|--virtualsize Size[m|UNIT] --thinpool LV_thinpool VG
	[ -T|--thin ]
	[    --type thin ]
	[    --discards passdown|nopassdown|ignore ]
	[    --errorwhenfull y|n ]
	[ COMMON_OPTIONS ]

  Create a thin LV that is a snapshot of an existing thin LV 
  (infers --type thin).
  lvcreate -s|--snapshot LV_thin
	[    --type thin ]
	[    --discards passdown|nopassdown|ignore ]
	[    --errorwhenfull y|n ]
	[ COMMON_OPTIONS ]

  Create a thin LV that is a snapshot of an external origin LV.
  lvcreate --type thin --thinpool LV_thinpool LV
	[ -T|--thin ]
	[ -c|--chunksize Size[k|UNIT] ]
	[    --poolmetadatasize Size[m|UNIT] ]
	[    --poolmetadataspare y|n ]
	[    --discards passdown|nopassdown|ignore ]
	[    --errorwhenfull y|n ]
	[ COMMON_OPTIONS ]

  Create a thin LV, first creating a thin pool for it, 
  where the new thin pool is named by the --thinpool arg.
  lvcreate --type thin -V|--virtualsize Size[m|UNIT] -L|--size Size[m|UNIT] --thinpool LV_new
	[ -l|--extents Number[PERCENT] ]
	[ -T|--thin ]
	[ -c|--chunksize Size[k|UNIT] ]
	[ -i|--stripes Number ]
	[ -I|--stripesize Size[k|UNIT] ]
	[    --poolmetadatasize Size[m|UNIT] ]
	[    --poolmetadataspare y|n ]
	[    --discards passdown|nopassdown|ignore ]
	[    --errorwhenfull y|n ]
	[ COMMON_OPTIONS ]
	[ PV ... ]

  Create a cache LV, first creating a new origin LV, 
  then combining it with the existing cache pool named 
  by the --cachepool arg.
  lvcreate --type cache -L|--size Size[m|UNIT] --cachepool LV_cachepool VG
	[ -l|--extents Number[PERCENT] ]
	[ -H|--cache ]
	[ -c|--chunksize Size[k|UNIT] ]
	[ -i|--stripes Number ]
	[ -I|--stripesize Size[k|UNIT] ]
	[    --poolmetadatasize Size[m|UNIT] ]
	[    --poolmetadataspare y|n ]
	[    --cachemode writethrough|writeback|passthrough ]
	[    --cachepolicy String ]
	[    --cachesettings String ]
	[    --cachemetadataformat auto|1|2 ]
	[ COMMON_OPTIONS ]
	[ PV ... ]

  Common options for command:
	[ -a|--activate y|n|ay ]
	[ -A|--autobackup y|n ]
	[ -C|--contiguous y|n ]
	[ -M|--persistent y|n ]
	[ -j|--major Number ]
	[ -k|--setactivationskip y|n ]
	[ -K|--ignoreactivationskip ]
	[ -n|--name String ]
	[ -p|--permission rw|r ]
	[ -r|--readahead auto|none|Number ]
	[ -W|--wipesignatures y|n ]
	[ -Z|--zero y|n ]
	[    --addtag Tag ]
	[    --alloc contiguous|cling|cling_by_tags|normal|anywhere|inherit ]
	[    --ignoremonitoring ]
	[    --metadataprofile String ]
	[    --minor Number ]
	[    --monitor y|n ]
	[    --nosync ]
	[    --noudevsync ]
	[    --reportformat basic|json ]

  Common options for lvm:
	[ -d|--debug ]
	[ -h|--help ]
	[ -q|--quiet ]
	[ -v|--verbose ]
	[ -y|--yes ]
	[ -t|--test ]
	[    --commandprofile String ]
	[    --config String ]
	[    --driverloaded y|n ]
	[    --lockopt String ]
	[    --longhelp ]
	[    --profile String ]
	[    --version ]

  Use --longhelp to show all options and advanced commands.
[root@lvm vagrant]# lvs
  LV          VG         Attr       LSize   Pool Origin Data%  Meta%  Move Log Cpy%Sync Convert
  LogVol00    VolGroup00 -wi-ao----   8.00g                                                    
  LogVol01    VolGroup00 -wi-ao----   1.50g                                                    
  LogVol_Home VolGroup00 -wi-a-----   2.00g                                                    
  lv_var      vg_var     rwi-aor--- 952.00m                                    100.00          
[root@lvm vagrant]#  mkfs.xfs /dev/VolGroup00/LogVol_Home
meta-data=/dev/VolGroup00/LogVol_Home isize=512    agcount=4, agsize=131072 blks
         =                       sectsz=512   attr=2, projid32bit=1
         =                       crc=1        finobt=0, sparse=0
data     =                       bsize=4096   blocks=524288, imaxpct=25
         =                       sunit=0      swidth=0 blks
naming   =version 2              bsize=4096   ascii-ci=0 ftype=1
log      =internal log           bsize=4096   blocks=2560, version=2
         =                       sectsz=512   sunit=0 blks, lazy-count=1
realtime =none                   extsz=4096   blocks=0, rtextents=0
[root@lvm vagrant]# mount /dev/VolGroup00/LogVol_Home /mnt/
[root@lvm vagrant]# ls /mnt
[root@lvm vagrant]# cp -aR /home/* /mnt/
[root@lvm vagrant]# ls /mnt
vagrant
[root@lvm vagrant]# rm -rf /home/*
[root@lvm vagrant]# umount /mnt
[root@lvm vagrant]# mount /dev/VolGroup00/LogVol_Home /home/
[root@lvm vagrant]# echo "`blkid | grep Home | awk '{print $2}'` /home xfs defaults 0 0" >> /etc/fstab
[root@lvm vagrant]# touch /home/file{1..20}
[root@lvm vagrant]# ls /home/
file1  file10  file11  file12  file13  file14  file15  file16  file17  file18  file19  file2  file20  file3  file4  file5  file6  file7  file8  file9  vagrant
[root@lvm vagrant]# ls /home | wc -l
21
[root@lvm vagrant]#  lvcreate -L 100MB -s -n home_snap /dev/VolGroup00/LogVol_Home
  Rounding up size to full physical extent 128.00 MiB
  Logical volume "home_snap" created.
[root@lvm vagrant]# rm -f /home/file{11..20}
[root@lvm vagrant]# umount /home
[root@lvm vagrant]# mount /dev/VolGroup00/LogVol_Home /home/
[root@lvm vagrant]# ls /home/
file1  file10  file2  file3  file4  file5  file6  file7  file8  file9  vagrant
[root@lvm vagrant]# umount /home/
[root@lvm vagrant]# ls /
bin  boot  dev  etc  file1.txt  file2.txt  file3.txt  home  lib  lib64  media  mnt  opt  proc  root  run  sbin  srv  sys  tmp  usr  vagrant  var
[root@lvm vagrant]# ls /home/
[root@lvm vagrant]#  lvconvert --merge /dev/VolGroup00/home_snap
  Merging of volume VolGroup00/home_snap started.
  VolGroup00/LogVol_Home: Merged: 100.00%
[root@lvm vagrant]# mount /home
[root@lvm vagrant]# ls /home/
file1  file10  file11  file12  file13  file14  file15  file16  file17  file18  file19  file2  file20  file3  file4  file5  file6  file7  file8  file9  vagrant
[root@lvm vagrant]# lvmdiskscan
  /dev/VolGroup00/LogVol00    [       8.00 GiB] 
  /dev/VolGroup00/LogVol01    [       1.50 GiB] 
  /dev/sda2                   [       1.00 GiB] 
  /dev/sda3                   [     <39.00 GiB] LVM physical volume
  /dev/vg_var/lv_var          [     952.00 MiB] 
  /dev/VolGroup00/LogVol_Home [       2.00 GiB] 
  /dev/sdb                    [      10.00 GiB] 
  /dev/sdc                    [       2.00 GiB] LVM physical volume
  /dev/sdd                    [       1.00 GiB] LVM physical volume
  /dev/sde                    [       1.00 GiB] 
  4 disks
  3 partitions
  2 LVM physical volume whole disks
  1 LVM physical volume
[root@lvm vagrant]# 
